---
source: crates/biome_css_parser/tests/spec_test.rs
assertion_line: 208
expression: snapshot
---

## Input

```css
@use "sass:list";
@use "sass:meta";

$x:[NOT];
.uppercase-not{length:list.length($x);value:meta.inspect($x);}

$x:[foo AND];
.uppercase-and{length:list.length($x);value:meta.inspect($x);}

$x:[true OR false];
.uppercase-or{length:list.length($x);value:meta.inspect($x);}

$x:[not false AND];
.mixed-operator-tail{length:list.length($x);value:meta.inspect($x);}

$x:[Not false,nOt false,noT false];
.mixed-case-not{length:list.length($x);value:meta.inspect($x);}

$x:[true aNd false,false oR true];
.mixed-case-binary{length:list.length($x);value:meta.inspect($x);}

$x:[not false,true and not false,false or true];
.lowercase-operators{length:list.length($x);value:meta.inspect($x);}

```


## AST

```
CssRoot {
    bom_token: missing (optional),
    items: CssRootItemList [
        CssAtRule {
            at_token: AT@0..1 "@" [] [],
            rule: ScssUseAtRule {
                use_token: USE_KW@1..5 "use" [] [Whitespace(" ")],
                url: CssString {
                    value_token: CSS_STRING_LITERAL@5..16 "\"sass:list\"" [] [],
                },
                as_clause: missing (optional),
                with_clause: missing (optional),
                semicolon_token: SEMICOLON@16..17 ";" [] [],
            },
        },
        CssAtRule {
            at_token: AT@17..19 "@" [Newline("\n")] [],
            rule: ScssUseAtRule {
                use_token: USE_KW@19..23 "use" [] [Whitespace(" ")],
                url: CssString {
                    value_token: CSS_STRING_LITERAL@23..34 "\"sass:meta\"" [] [],
                },
                as_clause: missing (optional),
                with_clause: missing (optional),
                semicolon_token: SEMICOLON@34..35 ";" [] [],
            },
        },
        ScssVariableDeclaration {
            name: ScssVariable {
                dollar_token: DOLLAR@35..38 "$" [Newline("\n"), Newline("\n")] [],
                name: CssIdentifier {
                    value_token: IDENT@38..39 "x" [] [],
                },
            },
            colon_token: COLON@39..40 ":" [] [],
            value: ScssExpression {
                items: ScssExpressionItemList [
                    CssBracketedValue {
                        l_brack_token: L_BRACK@40..41 "[" [] [],
                        items: CssBracketedValueList [
                            CssCustomIdentifier {
                                value_token: IDENT@41..44 "NOT" [] [],
                            },
                        ],
                        r_brack_token: R_BRACK@44..45 "]" [] [],
                    },
                ],
            },
            modifiers: ScssVariableModifierList [],
            semicolon_token: SEMICOLON@45..46 ";" [] [],
        },
        CssQualifiedRule {
            prelude: CssSelectorList [
                CssCompoundSelector {
                    nesting_selectors: CssNestedSelectorList [],
                    simple_selector: missing (optional),
                    sub_selectors: CssSubSelectorList [
                        CssClassSelector {
                            dot_token: DOT@46..48 "." [Newline("\n")] [],
                            name: CssCustomIdentifier {
                                value_token: IDENT@48..61 "uppercase-not" [] [],
                            },
                        },
                    ],
                },
            ],
            block: CssDeclarationOrRuleBlock {
                l_curly_token: L_CURLY@61..62 "{" [] [],
                items: CssDeclarationOrRuleList [
                    CssDeclarationWithSemicolon {
                        declaration: CssDeclaration {
                            property: CssGenericProperty {
                                name: CssIdentifier {
                                    value_token: IDENT@62..68 "length" [] [],
                                },
                                colon_token: COLON@68..69 ":" [] [],
                                value: ScssExpression {
                                    items: ScssExpressionItemList [
                                        CssFunction {
                                            name: ScssModuleMemberAccess {
                                                module: CssIdentifier {
                                                    value_token: IDENT@69..73 "list" [] [],
                                                },
                                                dot_token: DOT@73..74 "." [] [],
                                                member: CssIdentifier {
                                                    value_token: IDENT@74..80 "length" [] [],
                                                },
                                            },
                                            l_paren_token: L_PAREN@80..81 "(" [] [],
                                            items: CssParameterList [
                                                ScssExpression {
                                                    items: ScssExpressionItemList [
                                                        ScssVariable {
                                                            dollar_token: DOLLAR@81..82 "$" [] [],
                                                            name: CssIdentifier {
                                                                value_token: IDENT@82..83 "x" [] [],
                                                            },
                                                        },
                                                    ],
                                                },
                                            ],
                                            r_paren_token: R_PAREN@83..84 ")" [] [],
                                        },
                                    ],
                                },
                            },
                            important: missing (optional),
                        },
                        semicolon_token: SEMICOLON@84..85 ";" [] [],
                    },
                    CssDeclarationWithSemicolon {
                        declaration: CssDeclaration {
                            property: CssGenericProperty {
                                name: CssIdentifier {
                                    value_token: IDENT@85..90 "value" [] [],
                                },
                                colon_token: COLON@90..91 ":" [] [],
                                value: ScssExpression {
                                    items: ScssExpressionItemList [
                                        CssFunction {
                                            name: ScssModuleMemberAccess {
                                                module: CssIdentifier {
                                                    value_token: IDENT@91..95 "meta" [] [],
                                                },
                                                dot_token: DOT@95..96 "." [] [],
                                                member: CssIdentifier {
                                                    value_token: IDENT@96..103 "inspect" [] [],
                                                },
                                            },
                                            l_paren_token: L_PAREN@103..104 "(" [] [],
                                            items: CssParameterList [
                                                ScssExpression {
                                                    items: ScssExpressionItemList [
                                                        ScssVariable {
                                                            dollar_token: DOLLAR@104..105 "$" [] [],
                                                            name: CssIdentifier {
                                                                value_token: IDENT@105..106 "x" [] [],
                                                            },
                                                        },
                                                    ],
                                                },
                                            ],
                                            r_paren_token: R_PAREN@106..107 ")" [] [],
                                        },
                                    ],
                                },
                            },
                            important: missing (optional),
                        },
                        semicolon_token: SEMICOLON@107..108 ";" [] [],
                    },
                ],
                r_curly_token: R_CURLY@108..109 "}" [] [],
            },
        },
        ScssVariableDeclaration {
            name: ScssVariable {
                dollar_token: DOLLAR@109..112 "$" [Newline("\n"), Newline("\n")] [],
                name: CssIdentifier {
                    value_token: IDENT@112..113 "x" [] [],
                },
            },
            colon_token: COLON@113..114 ":" [] [],
            value: ScssExpression {
                items: ScssExpressionItemList [
                    CssBracketedValue {
                        l_brack_token: L_BRACK@114..115 "[" [] [],
                        items: CssBracketedValueList [
                            CssCustomIdentifier {
                                value_token: IDENT@115..119 "foo" [] [Whitespace(" ")],
                            },
                            CssCustomIdentifier {
                                value_token: IDENT@119..122 "AND" [] [],
                            },
                        ],
                        r_brack_token: R_BRACK@122..123 "]" [] [],
                    },
                ],
            },
            modifiers: ScssVariableModifierList [],
            semicolon_token: SEMICOLON@123..124 ";" [] [],
        },
        CssQualifiedRule {
            prelude: CssSelectorList [
                CssCompoundSelector {
                    nesting_selectors: CssNestedSelectorList [],
                    simple_selector: missing (optional),
                    sub_selectors: CssSubSelectorList [
                        CssClassSelector {
                            dot_token: DOT@124..126 "." [Newline("\n")] [],
                            name: CssCustomIdentifier {
                                value_token: IDENT@126..139 "uppercase-and" [] [],
                            },
                        },
                    ],
                },
            ],
            block: CssDeclarationOrRuleBlock {
                l_curly_token: L_CURLY@139..140 "{" [] [],
                items: CssDeclarationOrRuleList [
                    CssDeclarationWithSemicolon {
                        declaration: CssDeclaration {
                            property: CssGenericProperty {
                                name: CssIdentifier {
                                    value_token: IDENT@140..146 "length" [] [],
                                },
                                colon_token: COLON@146..147 ":" [] [],
                                value: ScssExpression {
                                    items: ScssExpressionItemList [
                                        CssFunction {
                                            name: ScssModuleMemberAccess {
                                                module: CssIdentifier {
                                                    value_token: IDENT@147..151 "list" [] [],
                                                },
                                                dot_token: DOT@151..152 "." [] [],
                                                member: CssIdentifier {
                                                    value_token: IDENT@152..158 "length" [] [],
                                                },
                                            },
                                            l_paren_token: L_PAREN@158..159 "(" [] [],
                                            items: CssParameterList [
                                                ScssExpression {
                                                    items: ScssExpressionItemList [
                                                        ScssVariable {
                                                            dollar_token: DOLLAR@159..160 "$" [] [],
                                                            name: CssIdentifier {
                                                                value_token: IDENT@160..161 "x" [] [],
                                                            },
                                                        },
                                                    ],
                                                },
                                            ],
                                            r_paren_token: R_PAREN@161..162 ")" [] [],
                                        },
                                    ],
                                },
                            },
                            important: missing (optional),
                        },
                        semicolon_token: SEMICOLON@162..163 ";" [] [],
                    },
                    CssDeclarationWithSemicolon {
                        declaration: CssDeclaration {
                            property: CssGenericProperty {
                                name: CssIdentifier {
                                    value_token: IDENT@163..168 "value" [] [],
                                },
                                colon_token: COLON@168..169 ":" [] [],
                                value: ScssExpression {
                                    items: ScssExpressionItemList [
                                        CssFunction {
                                            name: ScssModuleMemberAccess {
                                                module: CssIdentifier {
                                                    value_token: IDENT@169..173 "meta" [] [],
                                                },
                                                dot_token: DOT@173..174 "." [] [],
                                                member: CssIdentifier {
                                                    value_token: IDENT@174..181 "inspect" [] [],
                                                },
                                            },
                                            l_paren_token: L_PAREN@181..182 "(" [] [],
                                            items: CssParameterList [
                                                ScssExpression {
                                                    items: ScssExpressionItemList [
                                                        ScssVariable {
                                                            dollar_token: DOLLAR@182..183 "$" [] [],
                                                            name: CssIdentifier {
                                                                value_token: IDENT@183..184 "x" [] [],
                                                            },
                                                        },
                                                    ],
                                                },
                                            ],
                                            r_paren_token: R_PAREN@184..185 ")" [] [],
                                        },
                                    ],
                                },
                            },
                            important: missing (optional),
                        },
                        semicolon_token: SEMICOLON@185..186 ";" [] [],
                    },
                ],
                r_curly_token: R_CURLY@186..187 "}" [] [],
            },
        },
        ScssVariableDeclaration {
            name: ScssVariable {
                dollar_token: DOLLAR@187..190 "$" [Newline("\n"), Newline("\n")] [],
                name: CssIdentifier {
                    value_token: IDENT@190..191 "x" [] [],
                },
            },
            colon_token: COLON@191..192 ":" [] [],
            value: ScssExpression {
                items: ScssExpressionItemList [
                    CssBracketedValue {
                        l_brack_token: L_BRACK@192..193 "[" [] [],
                        items: CssBracketedValueList [
                            CssCustomIdentifier {
                                value_token: IDENT@193..198 "true" [] [Whitespace(" ")],
                            },
                            CssCustomIdentifier {
                                value_token: IDENT@198..201 "OR" [] [Whitespace(" ")],
                            },
                            CssCustomIdentifier {
                                value_token: IDENT@201..206 "false" [] [],
                            },
                        ],
                        r_brack_token: R_BRACK@206..207 "]" [] [],
                    },
                ],
            },
            modifiers: ScssVariableModifierList [],
            semicolon_token: SEMICOLON@207..208 ";" [] [],
        },
        CssQualifiedRule {
            prelude: CssSelectorList [
                CssCompoundSelector {
                    nesting_selectors: CssNestedSelectorList [],
                    simple_selector: missing (optional),
                    sub_selectors: CssSubSelectorList [
                        CssClassSelector {
                            dot_token: DOT@208..210 "." [Newline("\n")] [],
                            name: CssCustomIdentifier {
                                value_token: IDENT@210..222 "uppercase-or" [] [],
                            },
                        },
                    ],
                },
            ],
            block: CssDeclarationOrRuleBlock {
                l_curly_token: L_CURLY@222..223 "{" [] [],
                items: CssDeclarationOrRuleList [
                    CssDeclarationWithSemicolon {
                        declaration: CssDeclaration {
                            property: CssGenericProperty {
                                name: CssIdentifier {
                                    value_token: IDENT@223..229 "length" [] [],
                                },
                                colon_token: COLON@229..230 ":" [] [],
                                value: ScssExpression {
                                    items: ScssExpressionItemList [
                                        CssFunction {
                                            name: ScssModuleMemberAccess {
                                                module: CssIdentifier {
                                                    value_token: IDENT@230..234 "list" [] [],
                                                },
                                                dot_token: DOT@234..235 "." [] [],
                                                member: CssIdentifier {
                                                    value_token: IDENT@235..241 "length" [] [],
                                                },
                                            },
                                            l_paren_token: L_PAREN@241..242 "(" [] [],
                                            items: CssParameterList [
                                                ScssExpression {
                                                    items: ScssExpressionItemList [
                                                        ScssVariable {
                                                            dollar_token: DOLLAR@242..243 "$" [] [],
                                                            name: CssIdentifier {
                                                                value_token: IDENT@243..244 "x" [] [],
                                                            },
                                                        },
                                                    ],
                                                },
                                            ],
                                            r_paren_token: R_PAREN@244..245 ")" [] [],
                                        },
                                    ],
                                },
                            },
                            important: missing (optional),
                        },
                        semicolon_token: SEMICOLON@245..246 ";" [] [],
                    },
                    CssDeclarationWithSemicolon {
                        declaration: CssDeclaration {
                            property: CssGenericProperty {
                                name: CssIdentifier {
                                    value_token: IDENT@246..251 "value" [] [],
                                },
                                colon_token: COLON@251..252 ":" [] [],
                                value: ScssExpression {
                                    items: ScssExpressionItemList [
                                        CssFunction {
                                            name: ScssModuleMemberAccess {
                                                module: CssIdentifier {
                                                    value_token: IDENT@252..256 "meta" [] [],
                                                },
                                                dot_token: DOT@256..257 "." [] [],
                                                member: CssIdentifier {
                                                    value_token: IDENT@257..264 "inspect" [] [],
                                                },
                                            },
                                            l_paren_token: L_PAREN@264..265 "(" [] [],
                                            items: CssParameterList [
                                                ScssExpression {
                                                    items: ScssExpressionItemList [
                                                        ScssVariable {
                                                            dollar_token: DOLLAR@265..266 "$" [] [],
                                                            name: CssIdentifier {
                                                                value_token: IDENT@266..267 "x" [] [],
                                                            },
                                                        },
                                                    ],
                                                },
                                            ],
                                            r_paren_token: R_PAREN@267..268 ")" [] [],
                                        },
                                    ],
                                },
                            },
                            important: missing (optional),
                        },
                        semicolon_token: SEMICOLON@268..269 ";" [] [],
                    },
                ],
                r_curly_token: R_CURLY@269..270 "}" [] [],
            },
        },
        ScssVariableDeclaration {
            name: ScssVariable {
                dollar_token: DOLLAR@270..273 "$" [Newline("\n"), Newline("\n")] [],
                name: CssIdentifier {
                    value_token: IDENT@273..274 "x" [] [],
                },
            },
            colon_token: COLON@274..275 ":" [] [],
            value: ScssExpression {
                items: ScssExpressionItemList [
                    CssBracketedValue {
                        l_brack_token: L_BRACK@275..276 "[" [] [],
                        items: CssBracketedValueList [
                            ScssExpression {
                                items: ScssExpressionItemList [
                                    ScssUnaryExpression {
                                        operator: NOT_KW@276..280 "not" [] [Whitespace(" ")],
                                        expression: CssIdentifier {
                                            value_token: IDENT@280..286 "false" [] [Whitespace(" ")],
                                        },
                                    },
                                    CssIdentifier {
                                        value_token: IDENT@286..289 "AND" [] [],
                                    },
                                ],
                            },
                        ],
                        r_brack_token: R_BRACK@289..290 "]" [] [],
                    },
                ],
            },
            modifiers: ScssVariableModifierList [],
            semicolon_token: SEMICOLON@290..291 ";" [] [],
        },
        CssQualifiedRule {
            prelude: CssSelectorList [
                CssCompoundSelector {
                    nesting_selectors: CssNestedSelectorList [],
                    simple_selector: missing (optional),
                    sub_selectors: CssSubSelectorList [
                        CssClassSelector {
                            dot_token: DOT@291..293 "." [Newline("\n")] [],
                            name: CssCustomIdentifier {
                                value_token: IDENT@293..312 "mixed-operator-tail" [] [],
                            },
                        },
                    ],
                },
            ],
            block: CssDeclarationOrRuleBlock {
                l_curly_token: L_CURLY@312..313 "{" [] [],
                items: CssDeclarationOrRuleList [
                    CssDeclarationWithSemicolon {
                        declaration: CssDeclaration {
                            property: CssGenericProperty {
                                name: CssIdentifier {
                                    value_token: IDENT@313..319 "length" [] [],
                                },
                                colon_token: COLON@319..320 ":" [] [],
                                value: ScssExpression {
                                    items: ScssExpressionItemList [
                                        CssFunction {
                                            name: ScssModuleMemberAccess {
                                                module: CssIdentifier {
                                                    value_token: IDENT@320..324 "list" [] [],
                                                },
                                                dot_token: DOT@324..325 "." [] [],
                                                member: CssIdentifier {
                                                    value_token: IDENT@325..331 "length" [] [],
                                                },
                                            },
                                            l_paren_token: L_PAREN@331..332 "(" [] [],
                                            items: CssParameterList [
                                                ScssExpression {
                                                    items: ScssExpressionItemList [
                                                        ScssVariable {
                                                            dollar_token: DOLLAR@332..333 "$" [] [],
                                                            name: CssIdentifier {
                                                                value_token: IDENT@333..334 "x" [] [],
                                                            },
                                                        },
                                                    ],
                                                },
                                            ],
                                            r_paren_token: R_PAREN@334..335 ")" [] [],
                                        },
                                    ],
                                },
                            },
                            important: missing (optional),
                        },
                        semicolon_token: SEMICOLON@335..336 ";" [] [],
                    },
                    CssDeclarationWithSemicolon {
                        declaration: CssDeclaration {
                            property: CssGenericProperty {
                                name: CssIdentifier {
                                    value_token: IDENT@336..341 "value" [] [],
                                },
                                colon_token: COLON@341..342 ":" [] [],
                                value: ScssExpression {
                                    items: ScssExpressionItemList [
                                        CssFunction {
                                            name: ScssModuleMemberAccess {
                                                module: CssIdentifier {
                                                    value_token: IDENT@342..346 "meta" [] [],
                                                },
                                                dot_token: DOT@346..347 "." [] [],
                                                member: CssIdentifier {
                                                    value_token: IDENT@347..354 "inspect" [] [],
                                                },
                                            },
                                            l_paren_token: L_PAREN@354..355 "(" [] [],
                                            items: CssParameterList [
                                                ScssExpression {
                                                    items: ScssExpressionItemList [
                                                        ScssVariable {
                                                            dollar_token: DOLLAR@355..356 "$" [] [],
                                                            name: CssIdentifier {
                                                                value_token: IDENT@356..357 "x" [] [],
                                                            },
                                                        },
                                                    ],
                                                },
                                            ],
                                            r_paren_token: R_PAREN@357..358 ")" [] [],
                                        },
                                    ],
                                },
                            },
                            important: missing (optional),
                        },
                        semicolon_token: SEMICOLON@358..359 ";" [] [],
                    },
                ],
                r_curly_token: R_CURLY@359..360 "}" [] [],
            },
        },
        ScssVariableDeclaration {
            name: ScssVariable {
                dollar_token: DOLLAR@360..363 "$" [Newline("\n"), Newline("\n")] [],
                name: CssIdentifier {
                    value_token: IDENT@363..364 "x" [] [],
                },
            },
            colon_token: COLON@364..365 ":" [] [],
            value: ScssExpression {
                items: ScssExpressionItemList [
                    CssBracketedValue {
                        l_brack_token: L_BRACK@365..366 "[" [] [],
                        items: CssBracketedValueList [
                            CssCustomIdentifier {
                                value_token: IDENT@366..370 "Not" [] [Whitespace(" ")],
                            },
                            CssCustomIdentifier {
                                value_token: IDENT@370..375 "false" [] [],
                            },
                            CssGenericDelimiter {
                                value: COMMA@375..376 "," [] [],
                            },
                            CssCustomIdentifier {
                                value_token: IDENT@376..380 "nOt" [] [Whitespace(" ")],
                            },
                            CssCustomIdentifier {
                                value_token: IDENT@380..385 "false" [] [],
                            },
                            CssGenericDelimiter {
                                value: COMMA@385..386 "," [] [],
                            },
                            CssCustomIdentifier {
                                value_token: IDENT@386..390 "noT" [] [Whitespace(" ")],
                            },
                            CssCustomIdentifier {
                                value_token: IDENT@390..395 "false" [] [],
                            },
                        ],
                        r_brack_token: R_BRACK@395..396 "]" [] [],
                    },
                ],
            },
            modifiers: ScssVariableModifierList [],
            semicolon_token: SEMICOLON@396..397 ";" [] [],
        },
        CssQualifiedRule {
            prelude: CssSelectorList [
                CssCompoundSelector {
                    nesting_selectors: CssNestedSelectorList [],
                    simple_selector: missing (optional),
                    sub_selectors: CssSubSelectorList [
                        CssClassSelector {
                            dot_token: DOT@397..399 "." [Newline("\n")] [],
                            name: CssCustomIdentifier {
                                value_token: IDENT@399..413 "mixed-case-not" [] [],
                            },
                        },
                    ],
                },
            ],
            block: CssDeclarationOrRuleBlock {
                l_curly_token: L_CURLY@413..414 "{" [] [],
                items: CssDeclarationOrRuleList [
                    CssDeclarationWithSemicolon {
                        declaration: CssDeclaration {
                            property: CssGenericProperty {
                                name: CssIdentifier {
                                    value_token: IDENT@414..420 "length" [] [],
                                },
                                colon_token: COLON@420..421 ":" [] [],
                                value: ScssExpression {
                                    items: ScssExpressionItemList [
                                        CssFunction {
                                            name: ScssModuleMemberAccess {
                                                module: CssIdentifier {
                                                    value_token: IDENT@421..425 "list" [] [],
                                                },
                                                dot_token: DOT@425..426 "." [] [],
                                                member: CssIdentifier {
                                                    value_token: IDENT@426..432 "length" [] [],
                                                },
                                            },
                                            l_paren_token: L_PAREN@432..433 "(" [] [],
                                            items: CssParameterList [
                                                ScssExpression {
                                                    items: ScssExpressionItemList [
                                                        ScssVariable {
                                                            dollar_token: DOLLAR@433..434 "$" [] [],
                                                            name: CssIdentifier {
                                                                value_token: IDENT@434..435 "x" [] [],
                                                            },
                                                        },
                                                    ],
                                                },
                                            ],
                                            r_paren_token: R_PAREN@435..436 ")" [] [],
                                        },
                                    ],
                                },
                            },
                            important: missing (optional),
                        },
                        semicolon_token: SEMICOLON@436..437 ";" [] [],
                    },
                    CssDeclarationWithSemicolon {
                        declaration: CssDeclaration {
                            property: CssGenericProperty {
                                name: CssIdentifier {
                                    value_token: IDENT@437..442 "value" [] [],
                                },
                                colon_token: COLON@442..443 ":" [] [],
                                value: ScssExpression {
                                    items: ScssExpressionItemList [
                                        CssFunction {
                                            name: ScssModuleMemberAccess {
                                                module: CssIdentifier {
                                                    value_token: IDENT@443..447 "meta" [] [],
                                                },
                                                dot_token: DOT@447..448 "." [] [],
                                                member: CssIdentifier {
                                                    value_token: IDENT@448..455 "inspect" [] [],
                                                },
                                            },
                                            l_paren_token: L_PAREN@455..456 "(" [] [],
                                            items: CssParameterList [
                                                ScssExpression {
                                                    items: ScssExpressionItemList [
                                                        ScssVariable {
                                                            dollar_token: DOLLAR@456..457 "$" [] [],
                                                            name: CssIdentifier {
                                                                value_token: IDENT@457..458 "x" [] [],
                                                            },
                                                        },
                                                    ],
                                                },
                                            ],
                                            r_paren_token: R_PAREN@458..459 ")" [] [],
                                        },
                                    ],
                                },
                            },
                            important: missing (optional),
                        },
                        semicolon_token: SEMICOLON@459..460 ";" [] [],
                    },
                ],
                r_curly_token: R_CURLY@460..461 "}" [] [],
            },
        },
        ScssVariableDeclaration {
            name: ScssVariable {
                dollar_token: DOLLAR@461..464 "$" [Newline("\n"), Newline("\n")] [],
                name: CssIdentifier {
                    value_token: IDENT@464..465 "x" [] [],
                },
            },
            colon_token: COLON@465..466 ":" [] [],
            value: ScssExpression {
                items: ScssExpressionItemList [
                    CssBracketedValue {
                        l_brack_token: L_BRACK@466..467 "[" [] [],
                        items: CssBracketedValueList [
                            ScssExpression {
                                items: ScssExpressionItemList [
                                    ScssBinaryExpression {
                                        left: CssCustomIdentifier {
                                            value_token: IDENT@467..472 "true" [] [Whitespace(" ")],
                                        },
                                        operator: AND_KW@472..476 "aNd" [] [Whitespace(" ")],
                                        right: CssIdentifier {
                                            value_token: IDENT@476..481 "false" [] [],
                                        },
                                    },
                                ],
                            },
                            CssGenericDelimiter {
                                value: COMMA@481..482 "," [] [],
                            },
                            ScssExpression {
                                items: ScssExpressionItemList [
                                    ScssBinaryExpression {
                                        left: CssCustomIdentifier {
                                            value_token: IDENT@482..488 "false" [] [Whitespace(" ")],
                                        },
                                        operator: OR_KW@488..491 "oR" [] [Whitespace(" ")],
                                        right: CssIdentifier {
                                            value_token: IDENT@491..495 "true" [] [],
                                        },
                                    },
                                ],
                            },
                        ],
                        r_brack_token: R_BRACK@495..496 "]" [] [],
                    },
                ],
            },
            modifiers: ScssVariableModifierList [],
            semicolon_token: SEMICOLON@496..497 ";" [] [],
        },
        CssQualifiedRule {
            prelude: CssSelectorList [
                CssCompoundSelector {
                    nesting_selectors: CssNestedSelectorList [],
                    simple_selector: missing (optional),
                    sub_selectors: CssSubSelectorList [
                        CssClassSelector {
                            dot_token: DOT@497..499 "." [Newline("\n")] [],
                            name: CssCustomIdentifier {
                                value_token: IDENT@499..516 "mixed-case-binary" [] [],
                            },
                        },
                    ],
                },
            ],
            block: CssDeclarationOrRuleBlock {
                l_curly_token: L_CURLY@516..517 "{" [] [],
                items: CssDeclarationOrRuleList [
                    CssDeclarationWithSemicolon {
                        declaration: CssDeclaration {
                            property: CssGenericProperty {
                                name: CssIdentifier {
                                    value_token: IDENT@517..523 "length" [] [],
                                },
                                colon_token: COLON@523..524 ":" [] [],
                                value: ScssExpression {
                                    items: ScssExpressionItemList [
                                        CssFunction {
                                            name: ScssModuleMemberAccess {
                                                module: CssIdentifier {
                                                    value_token: IDENT@524..528 "list" [] [],
                                                },
                                                dot_token: DOT@528..529 "." [] [],
                                                member: CssIdentifier {
                                                    value_token: IDENT@529..535 "length" [] [],
                                                },
                                            },
                                            l_paren_token: L_PAREN@535..536 "(" [] [],
                                            items: CssParameterList [
                                                ScssExpression {
                                                    items: ScssExpressionItemList [
                                                        ScssVariable {
                                                            dollar_token: DOLLAR@536..537 "$" [] [],
                                                            name: CssIdentifier {
                                                                value_token: IDENT@537..538 "x" [] [],
                                                            },
                                                        },
                                                    ],
                                                },
                                            ],
                                            r_paren_token: R_PAREN@538..539 ")" [] [],
                                        },
                                    ],
                                },
                            },
                            important: missing (optional),
                        },
                        semicolon_token: SEMICOLON@539..540 ";" [] [],
                    },
                    CssDeclarationWithSemicolon {
                        declaration: CssDeclaration {
                            property: CssGenericProperty {
                                name: CssIdentifier {
                                    value_token: IDENT@540..545 "value" [] [],
                                },
                                colon_token: COLON@545..546 ":" [] [],
                                value: ScssExpression {
                                    items: ScssExpressionItemList [
                                        CssFunction {
                                            name: ScssModuleMemberAccess {
                                                module: CssIdentifier {
                                                    value_token: IDENT@546..550 "meta" [] [],
                                                },
                                                dot_token: DOT@550..551 "." [] [],
                                                member: CssIdentifier {
                                                    value_token: IDENT@551..558 "inspect" [] [],
                                                },
                                            },
                                            l_paren_token: L_PAREN@558..559 "(" [] [],
                                            items: CssParameterList [
                                                ScssExpression {
                                                    items: ScssExpressionItemList [
                                                        ScssVariable {
                                                            dollar_token: DOLLAR@559..560 "$" [] [],
                                                            name: CssIdentifier {
                                                                value_token: IDENT@560..561 "x" [] [],
                                                            },
                                                        },
                                                    ],
                                                },
                                            ],
                                            r_paren_token: R_PAREN@561..562 ")" [] [],
                                        },
                                    ],
                                },
                            },
                            important: missing (optional),
                        },
                        semicolon_token: SEMICOLON@562..563 ";" [] [],
                    },
                ],
                r_curly_token: R_CURLY@563..564 "}" [] [],
            },
        },
        ScssVariableDeclaration {
            name: ScssVariable {
                dollar_token: DOLLAR@564..567 "$" [Newline("\n"), Newline("\n")] [],
                name: CssIdentifier {
                    value_token: IDENT@567..568 "x" [] [],
                },
            },
            colon_token: COLON@568..569 ":" [] [],
            value: ScssExpression {
                items: ScssExpressionItemList [
                    CssBracketedValue {
                        l_brack_token: L_BRACK@569..570 "[" [] [],
                        items: CssBracketedValueList [
                            ScssExpression {
                                items: ScssExpressionItemList [
                                    ScssUnaryExpression {
                                        operator: NOT_KW@570..574 "not" [] [Whitespace(" ")],
                                        expression: CssIdentifier {
                                            value_token: IDENT@574..579 "false" [] [],
                                        },
                                    },
                                ],
                            },
                            CssGenericDelimiter {
                                value: COMMA@579..580 "," [] [],
                            },
                            ScssExpression {
                                items: ScssExpressionItemList [
                                    ScssBinaryExpression {
                                        left: CssCustomIdentifier {
                                            value_token: IDENT@580..585 "true" [] [Whitespace(" ")],
                                        },
                                        operator: AND_KW@585..589 "and" [] [Whitespace(" ")],
                                        right: ScssUnaryExpression {
                                            operator: NOT_KW@589..593 "not" [] [Whitespace(" ")],
                                            expression: CssIdentifier {
                                                value_token: IDENT@593..598 "false" [] [],
                                            },
                                        },
                                    },
                                ],
                            },
                            CssGenericDelimiter {
                                value: COMMA@598..599 "," [] [],
                            },
                            ScssExpression {
                                items: ScssExpressionItemList [
                                    ScssBinaryExpression {
                                        left: CssCustomIdentifier {
                                            value_token: IDENT@599..605 "false" [] [Whitespace(" ")],
                                        },
                                        operator: OR_KW@605..608 "or" [] [Whitespace(" ")],
                                        right: CssIdentifier {
                                            value_token: IDENT@608..612 "true" [] [],
                                        },
                                    },
                                ],
                            },
                        ],
                        r_brack_token: R_BRACK@612..613 "]" [] [],
                    },
                ],
            },
            modifiers: ScssVariableModifierList [],
            semicolon_token: SEMICOLON@613..614 ";" [] [],
        },
        CssQualifiedRule {
            prelude: CssSelectorList [
                CssCompoundSelector {
                    nesting_selectors: CssNestedSelectorList [],
                    simple_selector: missing (optional),
                    sub_selectors: CssSubSelectorList [
                        CssClassSelector {
                            dot_token: DOT@614..616 "." [Newline("\n")] [],
                            name: CssCustomIdentifier {
                                value_token: IDENT@616..635 "lowercase-operators" [] [],
                            },
                        },
                    ],
                },
            ],
            block: CssDeclarationOrRuleBlock {
                l_curly_token: L_CURLY@635..636 "{" [] [],
                items: CssDeclarationOrRuleList [
                    CssDeclarationWithSemicolon {
                        declaration: CssDeclaration {
                            property: CssGenericProperty {
                                name: CssIdentifier {
                                    value_token: IDENT@636..642 "length" [] [],
                                },
                                colon_token: COLON@642..643 ":" [] [],
                                value: ScssExpression {
                                    items: ScssExpressionItemList [
                                        CssFunction {
                                            name: ScssModuleMemberAccess {
                                                module: CssIdentifier {
                                                    value_token: IDENT@643..647 "list" [] [],
                                                },
                                                dot_token: DOT@647..648 "." [] [],
                                                member: CssIdentifier {
                                                    value_token: IDENT@648..654 "length" [] [],
                                                },
                                            },
                                            l_paren_token: L_PAREN@654..655 "(" [] [],
                                            items: CssParameterList [
                                                ScssExpression {
                                                    items: ScssExpressionItemList [
                                                        ScssVariable {
                                                            dollar_token: DOLLAR@655..656 "$" [] [],
                                                            name: CssIdentifier {
                                                                value_token: IDENT@656..657 "x" [] [],
                                                            },
                                                        },
                                                    ],
                                                },
                                            ],
                                            r_paren_token: R_PAREN@657..658 ")" [] [],
                                        },
                                    ],
                                },
                            },
                            important: missing (optional),
                        },
                        semicolon_token: SEMICOLON@658..659 ";" [] [],
                    },
                    CssDeclarationWithSemicolon {
                        declaration: CssDeclaration {
                            property: CssGenericProperty {
                                name: CssIdentifier {
                                    value_token: IDENT@659..664 "value" [] [],
                                },
                                colon_token: COLON@664..665 ":" [] [],
                                value: ScssExpression {
                                    items: ScssExpressionItemList [
                                        CssFunction {
                                            name: ScssModuleMemberAccess {
                                                module: CssIdentifier {
                                                    value_token: IDENT@665..669 "meta" [] [],
                                                },
                                                dot_token: DOT@669..670 "." [] [],
                                                member: CssIdentifier {
                                                    value_token: IDENT@670..677 "inspect" [] [],
                                                },
                                            },
                                            l_paren_token: L_PAREN@677..678 "(" [] [],
                                            items: CssParameterList [
                                                ScssExpression {
                                                    items: ScssExpressionItemList [
                                                        ScssVariable {
                                                            dollar_token: DOLLAR@678..679 "$" [] [],
                                                            name: CssIdentifier {
                                                                value_token: IDENT@679..680 "x" [] [],
                                                            },
                                                        },
                                                    ],
                                                },
                                            ],
                                            r_paren_token: R_PAREN@680..681 ")" [] [],
                                        },
                                    ],
                                },
                            },
                            important: missing (optional),
                        },
                        semicolon_token: SEMICOLON@681..682 ";" [] [],
                    },
                ],
                r_curly_token: R_CURLY@682..683 "}" [] [],
            },
        },
    ],
    eof_token: EOF@683..684 "" [Newline("\n")] [],
}
```

## CST

```
0: CSS_ROOT@0..684
  0: (empty)
  1: CSS_ROOT_ITEM_LIST@0..683
    0: CSS_AT_RULE@0..17
      0: AT@0..1 "@" [] []
      1: SCSS_USE_AT_RULE@1..17
        0: USE_KW@1..5 "use" [] [Whitespace(" ")]
        1: CSS_STRING@5..16
          0: CSS_STRING_LITERAL@5..16 "\"sass:list\"" [] []
        2: (empty)
        3: (empty)
        4: SEMICOLON@16..17 ";" [] []
    1: CSS_AT_RULE@17..35
      0: AT@17..19 "@" [Newline("\n")] []
      1: SCSS_USE_AT_RULE@19..35
        0: USE_KW@19..23 "use" [] [Whitespace(" ")]
        1: CSS_STRING@23..34
          0: CSS_STRING_LITERAL@23..34 "\"sass:meta\"" [] []
        2: (empty)
        3: (empty)
        4: SEMICOLON@34..35 ";" [] []
    2: SCSS_VARIABLE_DECLARATION@35..46
      0: SCSS_VARIABLE@35..39
        0: DOLLAR@35..38 "$" [Newline("\n"), Newline("\n")] []
        1: CSS_IDENTIFIER@38..39
          0: IDENT@38..39 "x" [] []
      1: COLON@39..40 ":" [] []
      2: SCSS_EXPRESSION@40..45
        0: SCSS_EXPRESSION_ITEM_LIST@40..45
          0: CSS_BRACKETED_VALUE@40..45
            0: L_BRACK@40..41 "[" [] []
            1: CSS_BRACKETED_VALUE_LIST@41..44
              0: CSS_CUSTOM_IDENTIFIER@41..44
                0: IDENT@41..44 "NOT" [] []
            2: R_BRACK@44..45 "]" [] []
      3: SCSS_VARIABLE_MODIFIER_LIST@45..45
      4: SEMICOLON@45..46 ";" [] []
    3: CSS_QUALIFIED_RULE@46..109
      0: CSS_SELECTOR_LIST@46..61
        0: CSS_COMPOUND_SELECTOR@46..61
          0: CSS_NESTED_SELECTOR_LIST@46..46
          1: (empty)
          2: CSS_SUB_SELECTOR_LIST@46..61
            0: CSS_CLASS_SELECTOR@46..61
              0: DOT@46..48 "." [Newline("\n")] []
              1: CSS_CUSTOM_IDENTIFIER@48..61
                0: IDENT@48..61 "uppercase-not" [] []
      1: CSS_DECLARATION_OR_RULE_BLOCK@61..109
        0: L_CURLY@61..62 "{" [] []
        1: CSS_DECLARATION_OR_RULE_LIST@62..108
          0: CSS_DECLARATION_WITH_SEMICOLON@62..85
            0: CSS_DECLARATION@62..84
              0: CSS_GENERIC_PROPERTY@62..84
                0: CSS_IDENTIFIER@62..68
                  0: IDENT@62..68 "length" [] []
                1: COLON@68..69 ":" [] []
                2: SCSS_EXPRESSION@69..84
                  0: SCSS_EXPRESSION_ITEM_LIST@69..84
                    0: CSS_FUNCTION@69..84
                      0: SCSS_MODULE_MEMBER_ACCESS@69..80
                        0: CSS_IDENTIFIER@69..73
                          0: IDENT@69..73 "list" [] []
                        1: DOT@73..74 "." [] []
                        2: CSS_IDENTIFIER@74..80
                          0: IDENT@74..80 "length" [] []
                      1: L_PAREN@80..81 "(" [] []
                      2: CSS_PARAMETER_LIST@81..83
                        0: SCSS_EXPRESSION@81..83
                          0: SCSS_EXPRESSION_ITEM_LIST@81..83
                            0: SCSS_VARIABLE@81..83
                              0: DOLLAR@81..82 "$" [] []
                              1: CSS_IDENTIFIER@82..83
                                0: IDENT@82..83 "x" [] []
                      3: R_PAREN@83..84 ")" [] []
              1: (empty)
            1: SEMICOLON@84..85 ";" [] []
          1: CSS_DECLARATION_WITH_SEMICOLON@85..108
            0: CSS_DECLARATION@85..107
              0: CSS_GENERIC_PROPERTY@85..107
                0: CSS_IDENTIFIER@85..90
                  0: IDENT@85..90 "value" [] []
                1: COLON@90..91 ":" [] []
                2: SCSS_EXPRESSION@91..107
                  0: SCSS_EXPRESSION_ITEM_LIST@91..107
                    0: CSS_FUNCTION@91..107
                      0: SCSS_MODULE_MEMBER_ACCESS@91..103
                        0: CSS_IDENTIFIER@91..95
                          0: IDENT@91..95 "meta" [] []
                        1: DOT@95..96 "." [] []
                        2: CSS_IDENTIFIER@96..103
                          0: IDENT@96..103 "inspect" [] []
                      1: L_PAREN@103..104 "(" [] []
                      2: CSS_PARAMETER_LIST@104..106
                        0: SCSS_EXPRESSION@104..106
                          0: SCSS_EXPRESSION_ITEM_LIST@104..106
                            0: SCSS_VARIABLE@104..106
                              0: DOLLAR@104..105 "$" [] []
                              1: CSS_IDENTIFIER@105..106
                                0: IDENT@105..106 "x" [] []
                      3: R_PAREN@106..107 ")" [] []
              1: (empty)
            1: SEMICOLON@107..108 ";" [] []
        2: R_CURLY@108..109 "}" [] []
    4: SCSS_VARIABLE_DECLARATION@109..124
      0: SCSS_VARIABLE@109..113
        0: DOLLAR@109..112 "$" [Newline("\n"), Newline("\n")] []
        1: CSS_IDENTIFIER@112..113
          0: IDENT@112..113 "x" [] []
      1: COLON@113..114 ":" [] []
      2: SCSS_EXPRESSION@114..123
        0: SCSS_EXPRESSION_ITEM_LIST@114..123
          0: CSS_BRACKETED_VALUE@114..123
            0: L_BRACK@114..115 "[" [] []
            1: CSS_BRACKETED_VALUE_LIST@115..122
              0: CSS_CUSTOM_IDENTIFIER@115..119
                0: IDENT@115..119 "foo" [] [Whitespace(" ")]
              1: CSS_CUSTOM_IDENTIFIER@119..122
                0: IDENT@119..122 "AND" [] []
            2: R_BRACK@122..123 "]" [] []
      3: SCSS_VARIABLE_MODIFIER_LIST@123..123
      4: SEMICOLON@123..124 ";" [] []
    5: CSS_QUALIFIED_RULE@124..187
      0: CSS_SELECTOR_LIST@124..139
        0: CSS_COMPOUND_SELECTOR@124..139
          0: CSS_NESTED_SELECTOR_LIST@124..124
          1: (empty)
          2: CSS_SUB_SELECTOR_LIST@124..139
            0: CSS_CLASS_SELECTOR@124..139
              0: DOT@124..126 "." [Newline("\n")] []
              1: CSS_CUSTOM_IDENTIFIER@126..139
                0: IDENT@126..139 "uppercase-and" [] []
      1: CSS_DECLARATION_OR_RULE_BLOCK@139..187
        0: L_CURLY@139..140 "{" [] []
        1: CSS_DECLARATION_OR_RULE_LIST@140..186
          0: CSS_DECLARATION_WITH_SEMICOLON@140..163
            0: CSS_DECLARATION@140..162
              0: CSS_GENERIC_PROPERTY@140..162
                0: CSS_IDENTIFIER@140..146
                  0: IDENT@140..146 "length" [] []
                1: COLON@146..147 ":" [] []
                2: SCSS_EXPRESSION@147..162
                  0: SCSS_EXPRESSION_ITEM_LIST@147..162
                    0: CSS_FUNCTION@147..162
                      0: SCSS_MODULE_MEMBER_ACCESS@147..158
                        0: CSS_IDENTIFIER@147..151
                          0: IDENT@147..151 "list" [] []
                        1: DOT@151..152 "." [] []
                        2: CSS_IDENTIFIER@152..158
                          0: IDENT@152..158 "length" [] []
                      1: L_PAREN@158..159 "(" [] []
                      2: CSS_PARAMETER_LIST@159..161
                        0: SCSS_EXPRESSION@159..161
                          0: SCSS_EXPRESSION_ITEM_LIST@159..161
                            0: SCSS_VARIABLE@159..161
                              0: DOLLAR@159..160 "$" [] []
                              1: CSS_IDENTIFIER@160..161
                                0: IDENT@160..161 "x" [] []
                      3: R_PAREN@161..162 ")" [] []
              1: (empty)
            1: SEMICOLON@162..163 ";" [] []
          1: CSS_DECLARATION_WITH_SEMICOLON@163..186
            0: CSS_DECLARATION@163..185
              0: CSS_GENERIC_PROPERTY@163..185
                0: CSS_IDENTIFIER@163..168
                  0: IDENT@163..168 "value" [] []
                1: COLON@168..169 ":" [] []
                2: SCSS_EXPRESSION@169..185
                  0: SCSS_EXPRESSION_ITEM_LIST@169..185
                    0: CSS_FUNCTION@169..185
                      0: SCSS_MODULE_MEMBER_ACCESS@169..181
                        0: CSS_IDENTIFIER@169..173
                          0: IDENT@169..173 "meta" [] []
                        1: DOT@173..174 "." [] []
                        2: CSS_IDENTIFIER@174..181
                          0: IDENT@174..181 "inspect" [] []
                      1: L_PAREN@181..182 "(" [] []
                      2: CSS_PARAMETER_LIST@182..184
                        0: SCSS_EXPRESSION@182..184
                          0: SCSS_EXPRESSION_ITEM_LIST@182..184
                            0: SCSS_VARIABLE@182..184
                              0: DOLLAR@182..183 "$" [] []
                              1: CSS_IDENTIFIER@183..184
                                0: IDENT@183..184 "x" [] []
                      3: R_PAREN@184..185 ")" [] []
              1: (empty)
            1: SEMICOLON@185..186 ";" [] []
        2: R_CURLY@186..187 "}" [] []
    6: SCSS_VARIABLE_DECLARATION@187..208
      0: SCSS_VARIABLE@187..191
        0: DOLLAR@187..190 "$" [Newline("\n"), Newline("\n")] []
        1: CSS_IDENTIFIER@190..191
          0: IDENT@190..191 "x" [] []
      1: COLON@191..192 ":" [] []
      2: SCSS_EXPRESSION@192..207
        0: SCSS_EXPRESSION_ITEM_LIST@192..207
          0: CSS_BRACKETED_VALUE@192..207
            0: L_BRACK@192..193 "[" [] []
            1: CSS_BRACKETED_VALUE_LIST@193..206
              0: CSS_CUSTOM_IDENTIFIER@193..198
                0: IDENT@193..198 "true" [] [Whitespace(" ")]
              1: CSS_CUSTOM_IDENTIFIER@198..201
                0: IDENT@198..201 "OR" [] [Whitespace(" ")]
              2: CSS_CUSTOM_IDENTIFIER@201..206
                0: IDENT@201..206 "false" [] []
            2: R_BRACK@206..207 "]" [] []
      3: SCSS_VARIABLE_MODIFIER_LIST@207..207
      4: SEMICOLON@207..208 ";" [] []
    7: CSS_QUALIFIED_RULE@208..270
      0: CSS_SELECTOR_LIST@208..222
        0: CSS_COMPOUND_SELECTOR@208..222
          0: CSS_NESTED_SELECTOR_LIST@208..208
          1: (empty)
          2: CSS_SUB_SELECTOR_LIST@208..222
            0: CSS_CLASS_SELECTOR@208..222
              0: DOT@208..210 "." [Newline("\n")] []
              1: CSS_CUSTOM_IDENTIFIER@210..222
                0: IDENT@210..222 "uppercase-or" [] []
      1: CSS_DECLARATION_OR_RULE_BLOCK@222..270
        0: L_CURLY@222..223 "{" [] []
        1: CSS_DECLARATION_OR_RULE_LIST@223..269
          0: CSS_DECLARATION_WITH_SEMICOLON@223..246
            0: CSS_DECLARATION@223..245
              0: CSS_GENERIC_PROPERTY@223..245
                0: CSS_IDENTIFIER@223..229
                  0: IDENT@223..229 "length" [] []
                1: COLON@229..230 ":" [] []
                2: SCSS_EXPRESSION@230..245
                  0: SCSS_EXPRESSION_ITEM_LIST@230..245
                    0: CSS_FUNCTION@230..245
                      0: SCSS_MODULE_MEMBER_ACCESS@230..241
                        0: CSS_IDENTIFIER@230..234
                          0: IDENT@230..234 "list" [] []
                        1: DOT@234..235 "." [] []
                        2: CSS_IDENTIFIER@235..241
                          0: IDENT@235..241 "length" [] []
                      1: L_PAREN@241..242 "(" [] []
                      2: CSS_PARAMETER_LIST@242..244
                        0: SCSS_EXPRESSION@242..244
                          0: SCSS_EXPRESSION_ITEM_LIST@242..244
                            0: SCSS_VARIABLE@242..244
                              0: DOLLAR@242..243 "$" [] []
                              1: CSS_IDENTIFIER@243..244
                                0: IDENT@243..244 "x" [] []
                      3: R_PAREN@244..245 ")" [] []
              1: (empty)
            1: SEMICOLON@245..246 ";" [] []
          1: CSS_DECLARATION_WITH_SEMICOLON@246..269
            0: CSS_DECLARATION@246..268
              0: CSS_GENERIC_PROPERTY@246..268
                0: CSS_IDENTIFIER@246..251
                  0: IDENT@246..251 "value" [] []
                1: COLON@251..252 ":" [] []
                2: SCSS_EXPRESSION@252..268
                  0: SCSS_EXPRESSION_ITEM_LIST@252..268
                    0: CSS_FUNCTION@252..268
                      0: SCSS_MODULE_MEMBER_ACCESS@252..264
                        0: CSS_IDENTIFIER@252..256
                          0: IDENT@252..256 "meta" [] []
                        1: DOT@256..257 "." [] []
                        2: CSS_IDENTIFIER@257..264
                          0: IDENT@257..264 "inspect" [] []
                      1: L_PAREN@264..265 "(" [] []
                      2: CSS_PARAMETER_LIST@265..267
                        0: SCSS_EXPRESSION@265..267
                          0: SCSS_EXPRESSION_ITEM_LIST@265..267
                            0: SCSS_VARIABLE@265..267
                              0: DOLLAR@265..266 "$" [] []
                              1: CSS_IDENTIFIER@266..267
                                0: IDENT@266..267 "x" [] []
                      3: R_PAREN@267..268 ")" [] []
              1: (empty)
            1: SEMICOLON@268..269 ";" [] []
        2: R_CURLY@269..270 "}" [] []
    8: SCSS_VARIABLE_DECLARATION@270..291
      0: SCSS_VARIABLE@270..274
        0: DOLLAR@270..273 "$" [Newline("\n"), Newline("\n")] []
        1: CSS_IDENTIFIER@273..274
          0: IDENT@273..274 "x" [] []
      1: COLON@274..275 ":" [] []
      2: SCSS_EXPRESSION@275..290
        0: SCSS_EXPRESSION_ITEM_LIST@275..290
          0: CSS_BRACKETED_VALUE@275..290
            0: L_BRACK@275..276 "[" [] []
            1: CSS_BRACKETED_VALUE_LIST@276..289
              0: SCSS_EXPRESSION@276..289
                0: SCSS_EXPRESSION_ITEM_LIST@276..289
                  0: SCSS_UNARY_EXPRESSION@276..286
                    0: NOT_KW@276..280 "not" [] [Whitespace(" ")]
                    1: CSS_IDENTIFIER@280..286
                      0: IDENT@280..286 "false" [] [Whitespace(" ")]
                  1: CSS_IDENTIFIER@286..289
                    0: IDENT@286..289 "AND" [] []
            2: R_BRACK@289..290 "]" [] []
      3: SCSS_VARIABLE_MODIFIER_LIST@290..290
      4: SEMICOLON@290..291 ";" [] []
    9: CSS_QUALIFIED_RULE@291..360
      0: CSS_SELECTOR_LIST@291..312
        0: CSS_COMPOUND_SELECTOR@291..312
          0: CSS_NESTED_SELECTOR_LIST@291..291
          1: (empty)
          2: CSS_SUB_SELECTOR_LIST@291..312
            0: CSS_CLASS_SELECTOR@291..312
              0: DOT@291..293 "." [Newline("\n")] []
              1: CSS_CUSTOM_IDENTIFIER@293..312
                0: IDENT@293..312 "mixed-operator-tail" [] []
      1: CSS_DECLARATION_OR_RULE_BLOCK@312..360
        0: L_CURLY@312..313 "{" [] []
        1: CSS_DECLARATION_OR_RULE_LIST@313..359
          0: CSS_DECLARATION_WITH_SEMICOLON@313..336
            0: CSS_DECLARATION@313..335
              0: CSS_GENERIC_PROPERTY@313..335
                0: CSS_IDENTIFIER@313..319
                  0: IDENT@313..319 "length" [] []
                1: COLON@319..320 ":" [] []
                2: SCSS_EXPRESSION@320..335
                  0: SCSS_EXPRESSION_ITEM_LIST@320..335
                    0: CSS_FUNCTION@320..335
                      0: SCSS_MODULE_MEMBER_ACCESS@320..331
                        0: CSS_IDENTIFIER@320..324
                          0: IDENT@320..324 "list" [] []
                        1: DOT@324..325 "." [] []
                        2: CSS_IDENTIFIER@325..331
                          0: IDENT@325..331 "length" [] []
                      1: L_PAREN@331..332 "(" [] []
                      2: CSS_PARAMETER_LIST@332..334
                        0: SCSS_EXPRESSION@332..334
                          0: SCSS_EXPRESSION_ITEM_LIST@332..334
                            0: SCSS_VARIABLE@332..334
                              0: DOLLAR@332..333 "$" [] []
                              1: CSS_IDENTIFIER@333..334
                                0: IDENT@333..334 "x" [] []
                      3: R_PAREN@334..335 ")" [] []
              1: (empty)
            1: SEMICOLON@335..336 ";" [] []
          1: CSS_DECLARATION_WITH_SEMICOLON@336..359
            0: CSS_DECLARATION@336..358
              0: CSS_GENERIC_PROPERTY@336..358
                0: CSS_IDENTIFIER@336..341
                  0: IDENT@336..341 "value" [] []
                1: COLON@341..342 ":" [] []
                2: SCSS_EXPRESSION@342..358
                  0: SCSS_EXPRESSION_ITEM_LIST@342..358
                    0: CSS_FUNCTION@342..358
                      0: SCSS_MODULE_MEMBER_ACCESS@342..354
                        0: CSS_IDENTIFIER@342..346
                          0: IDENT@342..346 "meta" [] []
                        1: DOT@346..347 "." [] []
                        2: CSS_IDENTIFIER@347..354
                          0: IDENT@347..354 "inspect" [] []
                      1: L_PAREN@354..355 "(" [] []
                      2: CSS_PARAMETER_LIST@355..357
                        0: SCSS_EXPRESSION@355..357
                          0: SCSS_EXPRESSION_ITEM_LIST@355..357
                            0: SCSS_VARIABLE@355..357
                              0: DOLLAR@355..356 "$" [] []
                              1: CSS_IDENTIFIER@356..357
                                0: IDENT@356..357 "x" [] []
                      3: R_PAREN@357..358 ")" [] []
              1: (empty)
            1: SEMICOLON@358..359 ";" [] []
        2: R_CURLY@359..360 "}" [] []
    10: SCSS_VARIABLE_DECLARATION@360..397
      0: SCSS_VARIABLE@360..364
        0: DOLLAR@360..363 "$" [Newline("\n"), Newline("\n")] []
        1: CSS_IDENTIFIER@363..364
          0: IDENT@363..364 "x" [] []
      1: COLON@364..365 ":" [] []
      2: SCSS_EXPRESSION@365..396
        0: SCSS_EXPRESSION_ITEM_LIST@365..396
          0: CSS_BRACKETED_VALUE@365..396
            0: L_BRACK@365..366 "[" [] []
            1: CSS_BRACKETED_VALUE_LIST@366..395
              0: CSS_CUSTOM_IDENTIFIER@366..370
                0: IDENT@366..370 "Not" [] [Whitespace(" ")]
              1: CSS_CUSTOM_IDENTIFIER@370..375
                0: IDENT@370..375 "false" [] []
              2: CSS_GENERIC_DELIMITER@375..376
                0: COMMA@375..376 "," [] []
              3: CSS_CUSTOM_IDENTIFIER@376..380
                0: IDENT@376..380 "nOt" [] [Whitespace(" ")]
              4: CSS_CUSTOM_IDENTIFIER@380..385
                0: IDENT@380..385 "false" [] []
              5: CSS_GENERIC_DELIMITER@385..386
                0: COMMA@385..386 "," [] []
              6: CSS_CUSTOM_IDENTIFIER@386..390
                0: IDENT@386..390 "noT" [] [Whitespace(" ")]
              7: CSS_CUSTOM_IDENTIFIER@390..395
                0: IDENT@390..395 "false" [] []
            2: R_BRACK@395..396 "]" [] []
      3: SCSS_VARIABLE_MODIFIER_LIST@396..396
      4: SEMICOLON@396..397 ";" [] []
    11: CSS_QUALIFIED_RULE@397..461
      0: CSS_SELECTOR_LIST@397..413
        0: CSS_COMPOUND_SELECTOR@397..413
          0: CSS_NESTED_SELECTOR_LIST@397..397
          1: (empty)
          2: CSS_SUB_SELECTOR_LIST@397..413
            0: CSS_CLASS_SELECTOR@397..413
              0: DOT@397..399 "." [Newline("\n")] []
              1: CSS_CUSTOM_IDENTIFIER@399..413
                0: IDENT@399..413 "mixed-case-not" [] []
      1: CSS_DECLARATION_OR_RULE_BLOCK@413..461
        0: L_CURLY@413..414 "{" [] []
        1: CSS_DECLARATION_OR_RULE_LIST@414..460
          0: CSS_DECLARATION_WITH_SEMICOLON@414..437
            0: CSS_DECLARATION@414..436
              0: CSS_GENERIC_PROPERTY@414..436
                0: CSS_IDENTIFIER@414..420
                  0: IDENT@414..420 "length" [] []
                1: COLON@420..421 ":" [] []
                2: SCSS_EXPRESSION@421..436
                  0: SCSS_EXPRESSION_ITEM_LIST@421..436
                    0: CSS_FUNCTION@421..436
                      0: SCSS_MODULE_MEMBER_ACCESS@421..432
                        0: CSS_IDENTIFIER@421..425
                          0: IDENT@421..425 "list" [] []
                        1: DOT@425..426 "." [] []
                        2: CSS_IDENTIFIER@426..432
                          0: IDENT@426..432 "length" [] []
                      1: L_PAREN@432..433 "(" [] []
                      2: CSS_PARAMETER_LIST@433..435
                        0: SCSS_EXPRESSION@433..435
                          0: SCSS_EXPRESSION_ITEM_LIST@433..435
                            0: SCSS_VARIABLE@433..435
                              0: DOLLAR@433..434 "$" [] []
                              1: CSS_IDENTIFIER@434..435
                                0: IDENT@434..435 "x" [] []
                      3: R_PAREN@435..436 ")" [] []
              1: (empty)
            1: SEMICOLON@436..437 ";" [] []
          1: CSS_DECLARATION_WITH_SEMICOLON@437..460
            0: CSS_DECLARATION@437..459
              0: CSS_GENERIC_PROPERTY@437..459
                0: CSS_IDENTIFIER@437..442
                  0: IDENT@437..442 "value" [] []
                1: COLON@442..443 ":" [] []
                2: SCSS_EXPRESSION@443..459
                  0: SCSS_EXPRESSION_ITEM_LIST@443..459
                    0: CSS_FUNCTION@443..459
                      0: SCSS_MODULE_MEMBER_ACCESS@443..455
                        0: CSS_IDENTIFIER@443..447
                          0: IDENT@443..447 "meta" [] []
                        1: DOT@447..448 "." [] []
                        2: CSS_IDENTIFIER@448..455
                          0: IDENT@448..455 "inspect" [] []
                      1: L_PAREN@455..456 "(" [] []
                      2: CSS_PARAMETER_LIST@456..458
                        0: SCSS_EXPRESSION@456..458
                          0: SCSS_EXPRESSION_ITEM_LIST@456..458
                            0: SCSS_VARIABLE@456..458
                              0: DOLLAR@456..457 "$" [] []
                              1: CSS_IDENTIFIER@457..458
                                0: IDENT@457..458 "x" [] []
                      3: R_PAREN@458..459 ")" [] []
              1: (empty)
            1: SEMICOLON@459..460 ";" [] []
        2: R_CURLY@460..461 "}" [] []
    12: SCSS_VARIABLE_DECLARATION@461..497
      0: SCSS_VARIABLE@461..465
        0: DOLLAR@461..464 "$" [Newline("\n"), Newline("\n")] []
        1: CSS_IDENTIFIER@464..465
          0: IDENT@464..465 "x" [] []
      1: COLON@465..466 ":" [] []
      2: SCSS_EXPRESSION@466..496
        0: SCSS_EXPRESSION_ITEM_LIST@466..496
          0: CSS_BRACKETED_VALUE@466..496
            0: L_BRACK@466..467 "[" [] []
            1: CSS_BRACKETED_VALUE_LIST@467..495
              0: SCSS_EXPRESSION@467..481
                0: SCSS_EXPRESSION_ITEM_LIST@467..481
                  0: SCSS_BINARY_EXPRESSION@467..481
                    0: CSS_CUSTOM_IDENTIFIER@467..472
                      0: IDENT@467..472 "true" [] [Whitespace(" ")]
                    1: AND_KW@472..476 "aNd" [] [Whitespace(" ")]
                    2: CSS_IDENTIFIER@476..481
                      0: IDENT@476..481 "false" [] []
              1: CSS_GENERIC_DELIMITER@481..482
                0: COMMA@481..482 "," [] []
              2: SCSS_EXPRESSION@482..495
                0: SCSS_EXPRESSION_ITEM_LIST@482..495
                  0: SCSS_BINARY_EXPRESSION@482..495
                    0: CSS_CUSTOM_IDENTIFIER@482..488
                      0: IDENT@482..488 "false" [] [Whitespace(" ")]
                    1: OR_KW@488..491 "oR" [] [Whitespace(" ")]
                    2: CSS_IDENTIFIER@491..495
                      0: IDENT@491..495 "true" [] []
            2: R_BRACK@495..496 "]" [] []
      3: SCSS_VARIABLE_MODIFIER_LIST@496..496
      4: SEMICOLON@496..497 ";" [] []
    13: CSS_QUALIFIED_RULE@497..564
      0: CSS_SELECTOR_LIST@497..516
        0: CSS_COMPOUND_SELECTOR@497..516
          0: CSS_NESTED_SELECTOR_LIST@497..497
          1: (empty)
          2: CSS_SUB_SELECTOR_LIST@497..516
            0: CSS_CLASS_SELECTOR@497..516
              0: DOT@497..499 "." [Newline("\n")] []
              1: CSS_CUSTOM_IDENTIFIER@499..516
                0: IDENT@499..516 "mixed-case-binary" [] []
      1: CSS_DECLARATION_OR_RULE_BLOCK@516..564
        0: L_CURLY@516..517 "{" [] []
        1: CSS_DECLARATION_OR_RULE_LIST@517..563
          0: CSS_DECLARATION_WITH_SEMICOLON@517..540
            0: CSS_DECLARATION@517..539
              0: CSS_GENERIC_PROPERTY@517..539
                0: CSS_IDENTIFIER@517..523
                  0: IDENT@517..523 "length" [] []
                1: COLON@523..524 ":" [] []
                2: SCSS_EXPRESSION@524..539
                  0: SCSS_EXPRESSION_ITEM_LIST@524..539
                    0: CSS_FUNCTION@524..539
                      0: SCSS_MODULE_MEMBER_ACCESS@524..535
                        0: CSS_IDENTIFIER@524..528
                          0: IDENT@524..528 "list" [] []
                        1: DOT@528..529 "." [] []
                        2: CSS_IDENTIFIER@529..535
                          0: IDENT@529..535 "length" [] []
                      1: L_PAREN@535..536 "(" [] []
                      2: CSS_PARAMETER_LIST@536..538
                        0: SCSS_EXPRESSION@536..538
                          0: SCSS_EXPRESSION_ITEM_LIST@536..538
                            0: SCSS_VARIABLE@536..538
                              0: DOLLAR@536..537 "$" [] []
                              1: CSS_IDENTIFIER@537..538
                                0: IDENT@537..538 "x" [] []
                      3: R_PAREN@538..539 ")" [] []
              1: (empty)
            1: SEMICOLON@539..540 ";" [] []
          1: CSS_DECLARATION_WITH_SEMICOLON@540..563
            0: CSS_DECLARATION@540..562
              0: CSS_GENERIC_PROPERTY@540..562
                0: CSS_IDENTIFIER@540..545
                  0: IDENT@540..545 "value" [] []
                1: COLON@545..546 ":" [] []
                2: SCSS_EXPRESSION@546..562
                  0: SCSS_EXPRESSION_ITEM_LIST@546..562
                    0: CSS_FUNCTION@546..562
                      0: SCSS_MODULE_MEMBER_ACCESS@546..558
                        0: CSS_IDENTIFIER@546..550
                          0: IDENT@546..550 "meta" [] []
                        1: DOT@550..551 "." [] []
                        2: CSS_IDENTIFIER@551..558
                          0: IDENT@551..558 "inspect" [] []
                      1: L_PAREN@558..559 "(" [] []
                      2: CSS_PARAMETER_LIST@559..561
                        0: SCSS_EXPRESSION@559..561
                          0: SCSS_EXPRESSION_ITEM_LIST@559..561
                            0: SCSS_VARIABLE@559..561
                              0: DOLLAR@559..560 "$" [] []
                              1: CSS_IDENTIFIER@560..561
                                0: IDENT@560..561 "x" [] []
                      3: R_PAREN@561..562 ")" [] []
              1: (empty)
            1: SEMICOLON@562..563 ";" [] []
        2: R_CURLY@563..564 "}" [] []
    14: SCSS_VARIABLE_DECLARATION@564..614
      0: SCSS_VARIABLE@564..568
        0: DOLLAR@564..567 "$" [Newline("\n"), Newline("\n")] []
        1: CSS_IDENTIFIER@567..568
          0: IDENT@567..568 "x" [] []
      1: COLON@568..569 ":" [] []
      2: SCSS_EXPRESSION@569..613
        0: SCSS_EXPRESSION_ITEM_LIST@569..613
          0: CSS_BRACKETED_VALUE@569..613
            0: L_BRACK@569..570 "[" [] []
            1: CSS_BRACKETED_VALUE_LIST@570..612
              0: SCSS_EXPRESSION@570..579
                0: SCSS_EXPRESSION_ITEM_LIST@570..579
                  0: SCSS_UNARY_EXPRESSION@570..579
                    0: NOT_KW@570..574 "not" [] [Whitespace(" ")]
                    1: CSS_IDENTIFIER@574..579
                      0: IDENT@574..579 "false" [] []
              1: CSS_GENERIC_DELIMITER@579..580
                0: COMMA@579..580 "," [] []
              2: SCSS_EXPRESSION@580..598
                0: SCSS_EXPRESSION_ITEM_LIST@580..598
                  0: SCSS_BINARY_EXPRESSION@580..598
                    0: CSS_CUSTOM_IDENTIFIER@580..585
                      0: IDENT@580..585 "true" [] [Whitespace(" ")]
                    1: AND_KW@585..589 "and" [] [Whitespace(" ")]
                    2: SCSS_UNARY_EXPRESSION@589..598
                      0: NOT_KW@589..593 "not" [] [Whitespace(" ")]
                      1: CSS_IDENTIFIER@593..598
                        0: IDENT@593..598 "false" [] []
              3: CSS_GENERIC_DELIMITER@598..599
                0: COMMA@598..599 "," [] []
              4: SCSS_EXPRESSION@599..612
                0: SCSS_EXPRESSION_ITEM_LIST@599..612
                  0: SCSS_BINARY_EXPRESSION@599..612
                    0: CSS_CUSTOM_IDENTIFIER@599..605
                      0: IDENT@599..605 "false" [] [Whitespace(" ")]
                    1: OR_KW@605..608 "or" [] [Whitespace(" ")]
                    2: CSS_IDENTIFIER@608..612
                      0: IDENT@608..612 "true" [] []
            2: R_BRACK@612..613 "]" [] []
      3: SCSS_VARIABLE_MODIFIER_LIST@613..613
      4: SEMICOLON@613..614 ";" [] []
    15: CSS_QUALIFIED_RULE@614..683
      0: CSS_SELECTOR_LIST@614..635
        0: CSS_COMPOUND_SELECTOR@614..635
          0: CSS_NESTED_SELECTOR_LIST@614..614
          1: (empty)
          2: CSS_SUB_SELECTOR_LIST@614..635
            0: CSS_CLASS_SELECTOR@614..635
              0: DOT@614..616 "." [Newline("\n")] []
              1: CSS_CUSTOM_IDENTIFIER@616..635
                0: IDENT@616..635 "lowercase-operators" [] []
      1: CSS_DECLARATION_OR_RULE_BLOCK@635..683
        0: L_CURLY@635..636 "{" [] []
        1: CSS_DECLARATION_OR_RULE_LIST@636..682
          0: CSS_DECLARATION_WITH_SEMICOLON@636..659
            0: CSS_DECLARATION@636..658
              0: CSS_GENERIC_PROPERTY@636..658
                0: CSS_IDENTIFIER@636..642
                  0: IDENT@636..642 "length" [] []
                1: COLON@642..643 ":" [] []
                2: SCSS_EXPRESSION@643..658
                  0: SCSS_EXPRESSION_ITEM_LIST@643..658
                    0: CSS_FUNCTION@643..658
                      0: SCSS_MODULE_MEMBER_ACCESS@643..654
                        0: CSS_IDENTIFIER@643..647
                          0: IDENT@643..647 "list" [] []
                        1: DOT@647..648 "." [] []
                        2: CSS_IDENTIFIER@648..654
                          0: IDENT@648..654 "length" [] []
                      1: L_PAREN@654..655 "(" [] []
                      2: CSS_PARAMETER_LIST@655..657
                        0: SCSS_EXPRESSION@655..657
                          0: SCSS_EXPRESSION_ITEM_LIST@655..657
                            0: SCSS_VARIABLE@655..657
                              0: DOLLAR@655..656 "$" [] []
                              1: CSS_IDENTIFIER@656..657
                                0: IDENT@656..657 "x" [] []
                      3: R_PAREN@657..658 ")" [] []
              1: (empty)
            1: SEMICOLON@658..659 ";" [] []
          1: CSS_DECLARATION_WITH_SEMICOLON@659..682
            0: CSS_DECLARATION@659..681
              0: CSS_GENERIC_PROPERTY@659..681
                0: CSS_IDENTIFIER@659..664
                  0: IDENT@659..664 "value" [] []
                1: COLON@664..665 ":" [] []
                2: SCSS_EXPRESSION@665..681
                  0: SCSS_EXPRESSION_ITEM_LIST@665..681
                    0: CSS_FUNCTION@665..681
                      0: SCSS_MODULE_MEMBER_ACCESS@665..677
                        0: CSS_IDENTIFIER@665..669
                          0: IDENT@665..669 "meta" [] []
                        1: DOT@669..670 "." [] []
                        2: CSS_IDENTIFIER@670..677
                          0: IDENT@670..677 "inspect" [] []
                      1: L_PAREN@677..678 "(" [] []
                      2: CSS_PARAMETER_LIST@678..680
                        0: SCSS_EXPRESSION@678..680
                          0: SCSS_EXPRESSION_ITEM_LIST@678..680
                            0: SCSS_VARIABLE@678..680
                              0: DOLLAR@678..679 "$" [] []
                              1: CSS_IDENTIFIER@679..680
                                0: IDENT@679..680 "x" [] []
                      3: R_PAREN@680..681 ")" [] []
              1: (empty)
            1: SEMICOLON@681..682 ";" [] []
        2: R_CURLY@682..683 "}" [] []
  2: EOF@683..684 "" [Newline("\n")] []

```
