---
source: crates/biome_formatter_test/src/snapshot_builder.rs
assertion_line: 249
info: scss/expression/parity-core-list-operands-keyword-case.scss
---

# Input

```scss
@use "sass:list";
@use "sass:meta";

$x:[NOT];
.uppercase-not{length:list.length($x);value:meta.inspect($x);}

$x:[foo AND];
.uppercase-and{length:list.length($x);value:meta.inspect($x);}

$x:[true OR false];
.uppercase-or{length:list.length($x);value:meta.inspect($x);}

```


# Formatted

```scss
@use "sass:list";
@use "sass:meta";

$x: [NOT];
.uppercase-not {
	length: list.length($x);
	value: meta.inspect($x);
}

$x: [foo AND];
.uppercase-and {
	length: list.length($x);
	value: meta.inspect($x);
}

$x: [true OR false];
.uppercase-or {
	length: list.length($x);
	value: meta.inspect($x);
}

```
